

Version:	3.50
CmdLine:	C:\Users\Hamza\Desktop\YSH\YSH.exe --l4j-debug
JNI:		No
WOW64:		Yes
Working dir:	C:\Users\Hamza\Desktop\YSH\.
Requires JDK:	Yes
Requires 64-Bit: No
Java min ver:	1.017.000
Java max ver:	
Substitute:	JAVA_HOME = 
Substitute:	PATH = C:\Program Files\Common Files\Oracle\Java\javapath;C:\ProgramData\Oracle\Java\javapath;C:\Windows\system32;C:\Windows;C:\Windows\System32\Wbem;C:\Windows\System32\WindowsPowerShell\v1.0\;C:\Windows\System32\OpenSSH\;C:\Program Files\Java\jdk-17\bin;C:\Users\Hamza\AppData\Local\Microsoft\WindowsApps;D:\Hamza\Microsoft VS Code\bin;C:\msys64\ucrt64\bin;;C:\Program Files\Java\jdk-17\bin
JRE paths:	;C:\Program Files\Common Files\Oracle\Java\javapath;C:\ProgramData\Oracle\Java\javapath;C:\Windows\system32;C:\Windows;C:\Windows\System32\Wbem;C:\Windows\System32\WindowsPowerShell\v1.0\;C:\Windows\System32\OpenSSH\;C:\Program Files\Java\jdk-17\bin;C:\Users\Hamza\AppData\Local\Microsoft\WindowsApps;D:\Hamza\Microsoft VS Code\bin;C:\msys64\ucrt64\bin;;C:\Program Files\Java\jdk-17\bin
Check launcher:	C:\Program Files\Common Files\Oracle\Java\javapath\bin\javaw.exe (not found)
Check launcher:	C:\ProgramData\Oracle\Java\javapath\bin\javaw.exe (not found)
Check launcher:	C:\Windows\system32\bin\javaw.exe (not found)
Check launcher:	C:\Windows\bin\javaw.exe (not found)
Check launcher:	C:\Windows\System32\Wbem\bin\javaw.exe (not found)
Check launcher:	C:\Windows\System32\WindowsPowerShell\v1.0\bin\javaw.exe (not found)
Check launcher:	C:\Windows\System32\OpenSSH\bin\javaw.exe (not found)
Check launcher:	C:\Program Files\Java\jdk-17\bin\javaw.exe (OK)
Check javac:	C:\Program Files\Java\jdk-17\bin\javac.exe (OK)
Version string: 1.017.000_012 / 64-Bit (OK)
Launcher:	C:\Program Files\Java\jdk-17\bin\javaw.exe
Launcher args:	-jar "C:\Users\Hamza\Desktop\YSH\YSH.exe"
Args length:	41/32768 chars
Exit code:	0
